# license:BSD-3-Clause
# copyright-holders:Olivier Galibert
# m65c02
c:brk_imp   ora_idx     nop_imm     c:nop_imp   c:tsb_zpg   ora_zpg     c:asl_zpg   c:nop_imp   php_imp     ora_imm     asl_acc     c:nop_imp   c:tsb_aba   ora_aba     c:asl_aba   c:nop_imp
bpl_rel     ora_idy     c:ora_zpi   c:nop_imp   c:trb_zpg   ora_zpx     c:asl_zpx   c:nop_imp   clc_imp     ora_aby     c:inc_acc   c:nop_imp   c:trb_aba   ora_abx     c:asl_abx   c:nop_imp
jsr_adr     and_idx     nop_imm     c:nop_imp   bit_zpg     and_zpg     c:rol_zpg   c:nop_imp   plp_imp     and_imm     rol_acc     c:nop_imp   bit_aba     and_aba     c:rol_aba   c:nop_imp
bmi_rel     and_idy     c:and_zpi   c:nop_imp   c:bit_zpx   and_zpx     c:rol_zpx   c:nop_imp   sec_imp     and_aby     c:dec_acc   c:nop_imp   c:bit_abx   and_abx     c:rol_abx   c:nop_imp
rti_imp     eor_idx     nop_imm     c:nop_imp   nop_zpg     eor_zpg     c:lsr_zpg   c:nop_imp   pha_imp     eor_imm     lsr_acc     c:nop_imp   jmp_adr     eor_aba     c:lsr_aba   c:nop_imp
bvc_rel     eor_idy     c:eor_zpi   c:nop_imp   nop_zpx     eor_zpx     c:lsr_zpx   c:nop_imp   cli_imp     eor_aby     c:phy_imp   c:nop_imp   c:nop_aba   eor_abx     c:lsr_abx   c:nop_imp
rts_imp     c:adc_idx   nop_imm     c:nop_imp   c:stz_zpg   c:adc_zpg   c:ror_zpg   c:nop_imp   pla_imp     c:adc_imm   ror_acc     c:nop_imp   c:jmp_ind   c:adc_aba   c:ror_aba   c:nop_imp
bvs_rel     c:adc_idy   c:adc_zpi   c:nop_imp   c:stz_zpx   c:adc_zpx   c:ror_zpx   c:nop_imp   sei_imp     c:adc_aby   c:ply_imp   c:nop_imp   c:jmp_iax   c:adc_abx   c:ror_abx   c:nop_imp
c:bra_rel   sta_idx     nop_imm     c:nop_imp   sty_zpg     sta_zpg     stx_zpg     c:nop_imp   dey_imp     c:bit_imm   txa_imp     c:nop_imp   sty_aba     sta_aba     stx_aba     c:nop_imp
bcc_rel     sta_idy     c:sta_zpi   c:nop_imp   sty_zpx     sta_zpx     stx_zpy     c:nop_imp   tya_imp     sta_aby     txs_imp     c:nop_imp   c:stz_aba   sta_abx     c:stz_abx   c:nop_imp
ldy_imm     lda_idx     ldx_imm     c:nop_imp   ldy_zpg     lda_zpg     ldx_zpg     c:nop_imp   tay_imp     lda_imm     tax_imp     c:nop_imp   ldy_aba     lda_aba     ldx_aba     c:nop_imp
bcs_rel     lda_idy     c:lda_zpi   c:nop_imp   ldy_zpx     lda_zpx     ldx_zpy     c:nop_imp   clv_imp     lda_aby     tsx_imp     c:nop_imp   ldy_abx     lda_abx     ldx_aby     c:nop_imp
cpy_imm     cmp_idx     nop_imm     c:nop_imp   cpy_zpg     cmp_zpg     c:dec_zpg   c:nop_imp   iny_imp     cmp_imm     dex_imp     c:nop_imp   cpy_aba     cmp_aba     c:dec_aba   c:nop_imp
bne_rel     cmp_idy     c:cmp_zpi   c:nop_imp   nop_zpx     cmp_zpx     c:dec_zpx   c:nop_imp   cld_imp     cmp_aby     c:phx_imp   c:nop_imp   c:nop_abx   cmp_abx     c:dec_abx   c:nop_imp
cpx_imm     c:sbc_idx   nop_imm     c:nop_imp   cpx_zpg     c:sbc_zpg   c:inc_zpg   c:nop_imp   inx_imp     c:sbc_imm   nop_imp     c:nop_imp   cpx_aba     c:sbc_aba   c:inc_aba   c:nop_imp
beq_rel     c:sbc_idy   c:sbc_zpi   c:nop_imp   nop_zpx     c:sbc_zpx   c:inc_zpx   c:nop_imp   sed_imp     c:sbc_aby   c:plx_imp   c:nop_imp   c:nop_abx   c:sbc_abx   c:inc_abx   c:nop_imp
c:reset
